# /usr/cbs/bio/src/netMHCpan-4.1/4.1b/Linux_x86_64/bin/netMHCpan -p test.pep
# Tue Jul 28 10:13:23 2020
# User: mniel
# PWD : /usr/cbs/bio/src/netMHCpan-4.1/4.1b/test
# Host: Linux padawan 3.0.101-105-desktop x86_64
# -p       1                    Use peptide input
# Command line parameters set to:
#	[-rdir filename]     /usr/cbs/bio/src/netMHCpan-4.1/4.1b/Linux_x86_64 Home directory for NetMHpan
#	[-syn filename]      /usr/cbs/bio/src/netMHCpan-4.1/4.1b/Linux_x86_64/data/synlist.bin Synaps file
#	[-v]                 0                    Verbose mode
#	[-dirty]             0                    Dirty mode, leave tmp dir+files
#	[-tdir filename]     /scratch/netMHCpanXXXXXX Temporary directory (made with mkdtemp)
#	[-hlapseudo filename] /usr/cbs/bio/src/netMHCpan-4.1/4.1b/Linux_x86_64/data/MHC_pseudo.dat File with MHC pseudo sequences
#	[-hlaseq filename]                        File with full length MHC sequences
#	[-a line]            HLA-A02:01           MHC allele
#	[-f filename]                             File name with input
#	[-w]                 0                    w option for webface
#	[-s]                 0                    Sort output on descending affinity
#	[-p]                 1                    Use peptide input
#	[-rth float]         0.500000             Rank Threshold for high binding peptides
#	[-rlt float]         2.000000             Rank Threshold for low binding peptides
#	[-l string]          8,9,10,11            Peptide length [8-11] (multiple length with ,)
#	[-xls]               0                    Save output to xls file
#	[-xlsfile filename]  NetMHCpan_out.xls    Filename for xls dump
#	[-t float]           -99.900002           Threshold for output (%rank) [<0 print all]
#	[-thrfmt filename]   /usr/cbs/bio/src/netMHCpan-4.1/4.1b/Linux_x86_64/data/threshold/%s.thr.%s Format for threshold filenames
#	[-expfix]            0                    Exclude prefix from synlist
#	[-version filename]  /usr/cbs/bio/src/netMHCpan-4.1/4.1b/Linux_x86_64/data/version File with version information
#	[-inptype int]       0                    Input type [0] FASTA [1] Peptide
#	[-listMHC]           0                    Print list of alleles included in netMHCpan
#	[-allname filename]  /usr/cbs/bio/src/netMHCpan-4.1/4.1b/Linux_x86_64/data/allelenames File with print names for alleles
#	[-BA]                0                    Include Binding affinity prediction

# NetMHCpan version 4.1b

# Tmpdir made /scratch/netMHCpanEXJRug
# Input is in PEPTIDE format

# Make EL predictions

HLA-A02:01 : Distance to training data  0.000 (using nearest neighbor HLA-A02:01)

# Rank Threshold for Strong binding peptides   0.500
# Rank Threshold for Weak binding peptides   2.000
---------------------------------------------------------------------------------------------------------------------------
 Pos         MHC        Peptide      Core Of Gp Gl Ip Il        Icore        Identity  Score_EL %Rank_EL      Exp BindLevel
---------------------------------------------------------------------------------------------------------------------------
   1 HLA-A*02:01      AAAWYLWEV AAAWYLWEV  0  0  0  0  0    AAAWYLWEV         PEPLIST 0.4403830    0.472  0.74258 <= SB
   1 HLA-A*02:01      AAGLQDCTM AAGLQDCTM  0  0  0  0  0    AAGLQDCTM         PEPLIST 0.0001440   36.583  0.00000
   1 HLA-A*02:01      AARNIVRRA AARNIVRRA  0  0  0  0  0    AARNIVRRA         PEPLIST 0.0007830   19.650  0.00000
   1 HLA-A*02:01      AARPDDPTL AARPDDPTL  0  0  0  0  0    AARPDDPTL         PEPLIST 0.0141740    5.702  0.14875
   1 HLA-A*02:01      AASCGGAVF AASCGGAVF  0  0  0  0  0    AASCGGAVF         PEPLIST 0.0001480   36.250  0.14922
   1 HLA-A*02:01      AASKQQMLM AASKQQMLM  0  0  0  0  0    AASKQQMLM         PEPLIST 0.0027970   11.815  0.00000
   1 HLA-A*02:01      AASSTHRKV AASSTHRKV  0  0  0  0  0    AASSTHRKV         PEPLIST 0.0057850    8.611  0.27167
   1 HLA-A*02:01      AEALLADGL AEALLADGL  0  0  0  0  0    AEALLADGL         PEPLIST 0.0003420   26.868  0.08469
   1 HLA-A*02:01      AEESLSLEA AEESLSLEA  0  0  0  0  0    AEESLSLEA         PEPLIST 0.0001620   35.154  0.00000
   1 HLA-A*02:01      AEFGPWQTV AEFGPWQTV  0  0  0  0  0    AEFGPWQTV         PEPLIST 0.0297430    3.904  0.31562
---------------------------------------------------------------------------------------------------------------------------

Protein PEPLIST. Allele HLA-A*02:01. Number of high binders 1. Number of weak binders 0. Number of peptides 10

-----------------------------------------------------------------------------------
